// Jest Snapshot v1, https://goo.gl/fbAQLP

exports[`renders navbar unchanged 1`] = `
<div>
  <nav
    class="navbar m-auto mt-4 flex-col justify-center items-end bg-gray-100 h-8 w-8/12 px-40"
    data-testid="navbar"
  >
    <div
      class="mr-10"
    >
      <div
        class="dropdown-end dropdown"
      >
        <button
          class="text-gray-500 px-2 font-normal text-sm relative z-50 focus:border-t focus:border-l focus:border-r focus:border-gray-300 foucs:border-solid focus:bg-white focus:h-8"
          tabindex="0"
        >
          My cart ( 4 )
        </button>
        <div
          class="card border-gray-300 dropdown-content mt-[-1px] bg-white  w-96 border border-solid"
          tabindex="0"
        >
          <div
            class="card-body"
          >
            <div
              class="flex items-start justify-start p-6 gap-10"
            >
              <img
                alt="Classic Tee"
                data-nimg="1"
                decoding="async"
                height="350"
                loading="lazy"
                src="/_next/image?url=https%3A%2F%2Fmrdevelopertestassets.s3.ap-southeast-2.amazonaws.com%2Fclassic-tee.jpg&w=256&q=75"
                srcset="/_next/image?url=https%3A%2F%2Fmrdevelopertestassets.s3.ap-southeast-2.amazonaws.com%2Fclassic-tee.jpg&w=128&q=75 1x, /_next/image?url=https%3A%2F%2Fmrdevelopertestassets.s3.ap-southeast-2.amazonaws.com%2Fclassic-tee.jpg&w=256&q=75 2x"
                style="color: transparent;"
                width="100"
              />
              <div>
                <h3
                  class="mb-4"
                >
                  Classic Tee
                </h3>
                <span>
                  1x 
                  <label
                    class="font-semibold"
                  >
                    $56.00
                  </label>
                </span>
                <p
                  class="mt-4"
                >
                  Size: S
                </p>
              </div>
            </div>
            <div
              class="flex items-start justify-start p-6 gap-10"
            >
              <img
                alt="Classic Tee"
                data-nimg="1"
                decoding="async"
                height="350"
                loading="lazy"
                src="/_next/image?url=https%3A%2F%2Fmrdevelopertestassets.s3.ap-southeast-2.amazonaws.com%2Fclassic-tee.jpg&w=256&q=75"
                srcset="/_next/image?url=https%3A%2F%2Fmrdevelopertestassets.s3.ap-southeast-2.amazonaws.com%2Fclassic-tee.jpg&w=128&q=75 1x, /_next/image?url=https%3A%2F%2Fmrdevelopertestassets.s3.ap-southeast-2.amazonaws.com%2Fclassic-tee.jpg&w=256&q=75 2x"
                style="color: transparent;"
                width="100"
              />
              <div>
                <h3
                  class="mb-4"
                >
                  Classic Tee
                </h3>
                <span>
                  3x 
                  <label
                    class="font-semibold"
                  >
                    $56.00
                  </label>
                </span>
                <p
                  class="mt-4"
                >
                  Size: M
                </p>
              </div>
            </div>
          </div>
        </div>
      </div>
    </div>
  </nav>
</div>
`;

exports[`renders the product display unchanged 1`] = `
<div>
  <div
    class="flex items-start justify-start gap-40 mt-4"
  >
    <img
      alt="Classic Tee"
      data-nimg="1"
      decoding="async"
      height="800"
      loading="lazy"
      src="/_next/image?url=https%3A%2F%2Fmrdevelopertestassets.s3.ap-southeast-2.amazonaws.com%2Fclassic-tee.jpg&w=1080&q=75"
      srcset="/_next/image?url=https%3A%2F%2Fmrdevelopertestassets.s3.ap-southeast-2.amazonaws.com%2Fclassic-tee.jpg&w=640&q=75 1x, /_next/image?url=https%3A%2F%2Fmrdevelopertestassets.s3.ap-southeast-2.amazonaws.com%2Fclassic-tee.jpg&w=1080&q=75 2x"
      style="color: transparent;"
      width="500"
    />
    <div>
      <h1
        class="text-2xl font-normal"
      >
        Classic Tee
      </h1>
      <div
        class="divider mt-5 h-[1px] bg-gray-100"
      />
      <h2
        class="text-lg mt-1 font-semibold"
      >
        $75.00
      </h2>
      <div
        class="divider mt-2 h-[1px] bg-gray-100"
      />
      <p
        class="mt-5 mb-8 prose text-gray-500"
      >
        Lorem ipsum usmod tempor.
      </p>
      <div
        class="flex flex-col items-start justify-center"
      >
        <span>
          <label
            class="text-gray-500 text-md font-medium"
          >
            SIZE
          </label>
          <label
            class="text-red-600"
          >
            *
          </label>
          <label
            class="text-black ml-1"
          />
        </span>
        <span
          class="mt-3 flex gap-1"
        >
          <button
            class="btn-square border-solid border-gray-300 text-gray-500 border"
          >
            S
          </button>
          <button
            class="btn-square border-solid border-gray-300 text-gray-500 border"
          >
            M
          </button>
          <button
            class="btn-square border-solid border-gray-300 text-gray-500 border"
          >
            L
          </button>
        </span>
        <button
          class="mt-5 py-2 px-5 bg-white border-2 border-solid border-black text-lg font-semibold hover:text-white hover:bg-black"
        >
          ADD TO CART
        </button>
      </div>
    </div>
  </div>
</div>
`;
